==> lorem_ipsum.txt <==
Lorem ipsum dolor sit amet,
consectetur adipiscing elit.
Nunc interdum suscipit sem vel ornare.
Proin euismod,
justo sed mollis dictum,
eros urna ultricies augue,
eu pharetra mi ex id ante.
Duis convallis porttitor aliquam.
Nunc vitae tincidunt ex.
Suspendisse iaculis ligula ac diam consectetur lacinia.

==> lorem_ipsum_reverse.txt <==
Phasellus scelerisque vehicula fringilla.
In hac habitasse platea dictumst.
cursus semper eros efficitur.
Etiam ullamcorper leo vel lacus vestibulum,
Suspendisse potenti.
Cras rhoncus egestas leo nec blandit.
viverra sagittis magna commodo.
Aliquam tincidunt nisl eget enim cursus,
Cras vulputate tortor non libero vehicula euismod.
et pellentesque elit odio a magna.
